[phase1/mechanisms] out=runs/phase1/mechanisms/20261004_1b_132221/four_diff_ts1
[phase1/mechanisms] job=multi_four_diff_m53-47-41-29_tr0.8_ts1_ds0_a16_p1b_pack1__wd0.5_steps100000__ms0
[phase1/mechanisms] ckpt=best.pt kind=best
[phase1/mechanisms] data=multi_four_diff_m53-47-41-29_tr0.8_ts1_ds0_a16_p1b_pack1
[phase1/mechanisms] ops=p53@slot1(i=4,j=0), p47@slot3(i=1,j=3), p41@slot2(i=6,j=2), p29@slot0(i=7,j=5)
[phase1/mechanisms] layers=[0, 1] composition=on
  analyzing op latent=0 p=53 slot=1 ...
    test=1.0000 compose=L1 own-other=0.6634870446287096 top1Δ=-0.8602594339622641 worst={'layer': 0, 'head': 2, 'delta_acc': -0.9021226391196251}
  analyzing op latent=1 p=47 slot=3 ...
    test=1.0000 compose=L2 own-other=0.8955600344343111 top1Δ=-0.7854609929078014 worst={'layer': 0, 'head': 0, 'delta_acc': -0.8860815614461899}
  analyzing op latent=2 p=41 slot=2 ...
    test=1.0000 compose=L1 own-other=0.9046260472969152 top1Δ=-0.8986280487804879 worst={'layer': 0, 'head': 0, 'delta_acc': -0.7942073196172714}
  analyzing op latent=3 p=29 slot=0 ...
    test=1.0000 compose=L2 own-other=-0.4036751985549927 top1Δ=-0.5765086206896552 worst={'layer': 2, 'head': 2, 'delta_acc': -0.9181034490466118}
  cross-op Fourier selectivity (ablate each top-1) ...
  compare: {'n_ops': 4, 'compose_at_L0': '0/4', 'L0_routes_to_own_operands': '3/4', 'top1_fourier_hurts_self': '4/4', 'fourier_ablation_selective': '0/4', 'worst_heads': [{'layer': 0, 'head': 2, 'delta_acc': -0.9021226391196251}, {'layer': 0, 'head': 0, 'delta_acc': -0.8860815614461899}, {'layer': 0, 'head': 0, 'delta_acc': -0.7942073196172714}, {'layer': 2, 'head': 2, 'delta_acc': -0.9181034490466118}], 'verdict': 'non_selective_global_sensitivity'}
Traceback (most recent call last):
  File "/mnt/ningxuefei/yangshuo/GO4CL-Group-Ops-for-Continual-Learning/.venv/bin/go4cl", line 10, in <module>
    sys.exit(main())
             ^^^^^^
  File "/mnt/ningxuefei/yangshuo/GO4CL-Group-Ops-for-Continual-Learning/src/go4cl/__init__.py", line 188, in main
    args._phase_runner(args)
  File "/mnt/ningxuefei/yangshuo/GO4CL-Group-Ops-for-Continual-Learning/src/go4cl/phases/phase1/mechanisms.py", line 719, in run_mechanisms
    "target_modulus": int(tmod),
                      ^^^^^^^^^
ValueError: invalid literal for int() with base 10: 'lat0/slot1/p53'
