[phase1/mechanisms] out=runs/phase1/mechanisms/20261004_1b_132221/pair_same_ts1
[phase1/mechanisms] job=multi_pair_same_m53-53-41-29_tr0.8_ts1_ds0_a16_p1b_pack1__wd0.5_steps100000__ms0
[phase1/mechanisms] ckpt=best.pt kind=best
[phase1/mechanisms] data=multi_pair_same_m53-53-41-29_tr0.8_ts1_ds0_a16_p1b_pack1
[phase1/mechanisms] ops=p53@slot1(i=4,j=0), p53@slot3(i=1,j=3), p41@slot2(i=6,j=2), p29@slot0(i=7,j=5)
[phase1/mechanisms] layers=[0, 1] composition=on
  analyzing op latent=0 p=53 slot=1 ...
    test=1.0000 compose=L0 own-other=0.4192694779485464 top1Δ=-0.8702830188679245 worst={'layer': 0, 'head': 0, 'delta_acc': -0.9811320751905441}
  analyzing op latent=1 p=53 slot=3 ...
    test=1.0000 compose=L0 own-other=0.40188620425760746 top1Δ=-0.8596698113207547 worst={'layer': 0, 'head': 0, 'delta_acc': -0.9740566033869982}
  analyzing op latent=2 p=41 slot=2 ...
    test=1.0000 compose=L0 own-other=0.41504431143403053 top1Δ=-0.8711890243902439 worst={'layer': 0, 'head': 2, 'delta_acc': -0.9634146355092525}
  analyzing op latent=3 p=29 slot=0 ...
    test=1.0000 compose=L0 own-other=-0.38780099153518677 top1Δ=-0.9245689655172413 worst={'layer': 2, 'head': 3, 'delta_acc': -0.9310344830155373}
  cross-op Fourier selectivity (ablate each top-1) ...
  compare: {'n_ops': 4, 'compose_at_L0': '4/4', 'L0_routes_to_own_operands': '3/4', 'top1_fourier_hurts_self': '4/4', 'fourier_ablation_selective': '1/4', 'worst_heads': [{'layer': 0, 'head': 0, 'delta_acc': -0.9811320751905441}, {'layer': 0, 'head': 0, 'delta_acc': -0.9740566033869982}, {'layer': 0, 'head': 2, 'delta_acc': -0.9634146355092525}, {'layer': 2, 'head': 3, 'delta_acc': -0.9310344830155373}], 'verdict': 'inconclusive'}
Traceback (most recent call last):
  File "/mnt/ningxuefei/yangshuo/GO4CL-Group-Ops-for-Continual-Learning/.venv/bin/go4cl", line 10, in <module>
    sys.exit(main())
             ^^^^^^
  File "/mnt/ningxuefei/yangshuo/GO4CL-Group-Ops-for-Continual-Learning/src/go4cl/__init__.py", line 188, in main
    args._phase_runner(args)
  File "/mnt/ningxuefei/yangshuo/GO4CL-Group-Ops-for-Continual-Learning/src/go4cl/phases/phase1/mechanisms.py", line 719, in run_mechanisms
    "target_modulus": int(tmod),
                      ^^^^^^^^^
ValueError: invalid literal for int() with base 10: 'lat0/slot1/p53'
