  lat0/slot0/p31 n=496 base_task_tok=64
    original: acc=1.0000
    task_a: acc=1.0000
    task_b: acc=1.0000
    digit_0: acc=1.0000
    digit_63: acc=1.0000
  lat1/slot2/p37 n=1184 base_task_tok=64
    original: acc=1.0000
    task_a: acc=1.0000
    task_b: acc=1.0000
    digit_0: acc=1.0000
    digit_63: acc=0.9992
  lat2/slot1/p29 n=928 base_task_tok=64
    original: acc=1.0000
    task_a: acc=1.0000
    task_b: acc=1.0000
    digit_0: acc=0.4688
    digit_63: acc=0.7963
  lat3/slot3/p23 n=368 base_task_tok=64
    original: acc=1.0000
    task_a: acc=1.0000
    task_b: acc=1.0000
    digit_0: acc=1.0000
    digit_63: acc=0.9973
done → runs/phase1/mechanisms/20261004_1b_132221/four_diff_ts0/task_token_edit
